
> antiek-reading@0.1.0 build:check
> npm run build && tsx scripts/check_bundle.ts


> antiek-reading@0.1.0 build
> tsc -b && vite build

vite v6.4.3 building for production...
transforming...
node_modules/p5/node_modules/zod/v4/core/util.js (400:0): A comment

"// Wrapped in a `@__PURE__` IIFE: esbuild never tree-shakes a top-level initializer that contains a member access on `Number`, so the bare object literal survived into every bundle."

in "node_modules/p5/node_modules/zod/v4/core/util.js" contains an annotation that Rollup cannot interpret due to the position of the comment. The comment will be removed to avoid issues.
node_modules/p5/node_modules/zod/v4/core/regexes.js (74:0): A comment

"/** Anchors a pattern source. The interpolation lives here rather than at the call site because
 * esbuild will not drop a `@__PURE__` call whose own argument interpolates a variable, but it
 * will drop `anchor(dateSource)`. Keeping it inline pinned `date` into every bundle. */"

in "node_modules/p5/node_modules/zod/v4/core/regexes.js" contains an annotation that Rollup cannot interpret due to the position of the comment. The comment will be removed to avoid issues.
✓ 3304 modules transformed.
rendering chunks...
[plugin vite:reporter] 
(!) /Users/slimydog/Antiek/worktrees/reading-typography-20261001/apps/reading/src/modes/Notebook/index.tsx is dynamically imported by /Users/slimydog/Antiek/worktrees/reading-typography-20261001/apps/reading/src/App.tsx but also statically imported by /Users/slimydog/Antiek/worktrees/reading-typography-20261001/apps/reading/src/workspace/PanelRegistry.tsx, dynamic import will not move module into another chunk.

[plugin vite:reporter] 
(!) /Users/slimydog/Antiek/worktrees/reading-typography-20261001/apps/reading/src/components/CommandPalette.tsx is dynamically imported by /Users/slimydog/Antiek/worktrees/reading-typography-20261001/apps/reading/src/workspace/PanelRegistry.tsx but also statically imported by /Users/slimydog/Antiek/worktrees/reading-typography-20261001/apps/reading/src/App.tsx, dynamic import will not move module into another chunk.

computing gzip size...
dist/index.html                                               1.73 kB │ gzip:   0.87 kB
dist/assets/ice-fishing-station-key-art-v1-CHxZlIDy.webp     28.05 kB
dist/assets/paperclip-archive-key-art-v1-STIMO81w.webp       37.83 kB
dist/assets/jetbrains-mono-latin-var-D000Msq0.woff2          40.48 kB
dist/assets/inter-latin-var-8kRkwJBP.woff2                   48.43 kB
dist/assets/notebooks-b-20261001-CHd-3gA4.png               151.14 kB
dist/assets/interviews-b-20261001-V-UQhxxy.png              168.32 kB
dist/assets/pricing-b-20261001-CqrwpyOo.png                 172.51 kB
dist/assets/trust-b-20261001-eAD-09-P.png                   179.43 kB
dist/assets/outcomes-b-20261001-BBKl_bDA.png                180.02 kB
dist/assets/sources-b-20261001-Iw8JxoeF.png                 180.78 kB
dist/assets/speak-b-20261001-Ckhyb5az.png                   182.80 kB
dist/assets/biography-b-20261001-CO0aEYJ9.png               184.56 kB
dist/assets/wrestler-b-20261001-Rf0glM_O.png                185.34 kB
dist/assets/library-b-20261001-DvXGRhP2.png                 186.92 kB
dist/assets/read-b-20261001-DYxldqSU.png                    191.57 kB
dist/assets/research-b-20261001-CpPLOo6I.png                209.19 kB
dist/assets/write-b-20261001-k62ZJ5KR.png                   218.35 kB
dist/assets/01_hero_front_b_20261001-BXiY3QSF.png           509.40 kB
dist/assets/mood_sleepy_b_20261001-0wfSxqxg.png             517.07 kB
dist/assets/blink_closed_b_20261001-D1HKNbQr.png            526.54 kB
dist/assets/mood_excited_b_20261001-qYluhpUb.png            527.18 kB
dist/assets/mood_thinking_b_20261001-DG9XIpv5.png           566.79 kB
dist/assets/pdf.worker-BgryrOlp.mjs                       2,209.73 kB
dist/assets/KeySheet-B9aDTnQ3.css                             3.32 kB │ gzip:   1.01 kB
dist/assets/ResearchWaitArcade-CtuYQ4vc.css                   3.64 kB │ gzip:   0.91 kB
dist/assets/LinkMonster-txPvnYRH.css                          5.46 kB │ gzip:   1.71 kB
dist/assets/index-T60yUJla.css                              156.02 kB │ gzip:  26.26 kB
dist/assets/dragToOutline-rCCfuP0y.js                         0.27 kB │ gzip:   0.23 kB
dist/assets/ModeLink-SjaoJmjJ.js                              0.30 kB │ gzip:   0.19 kB
dist/assets/useModeNavigate-BPwEuOrp.js                       0.32 kB │ gzip:   0.23 kB
dist/assets/Thinking-Bz9V-DvH.js                              0.41 kB │ gzip:   0.28 kB
dist/assets/thoughtPartnerOnce-BAqg9bS7.js                    0.53 kB │ gzip:   0.37 kB
dist/assets/routeSync-cJtuBMMR.js                             0.62 kB │ gzip:   0.34 kB
dist/assets/useBranchTo-Cn4pzka1.js                           0.63 kB │ gzip:   0.36 kB
dist/assets/useCelebrate-LWHW4S2C.js                          0.65 kB │ gzip:   0.40 kB
dist/assets/ModePage-BIqC1BwH.js                              0.66 kB │ gzip:   0.39 kB
dist/assets/WatchForLaterPanel-DRyyqKu1.js                    0.69 kB │ gzip:   0.46 kB
dist/assets/Lightbox-CuKVUOk9.js                              0.75 kB │ gzip:   0.42 kB
dist/assets/PanelHost-BcGZszX0.js                             0.80 kB │ gzip:   0.50 kB
dist/assets/branchNavigation-DbWnF_Hq.js                      0.85 kB │ gzip:   0.51 kB
dist/assets/RecordCrumb-B_yr31_r.js                           0.94 kB │ gzip:   0.58 kB
dist/assets/FakeSidebar-BHdU2pwx.js                           0.98 kB │ gzip:   0.55 kB
dist/assets/servedImpression-Dwl63wzD.js                      0.99 kB │ gzip:   0.55 kB
dist/assets/useInvestigationTree-CiTnFGO_.js                  1.05 kB │ gzip:   0.53 kB
dist/assets/WorkflowArt-Ddy0KPdN.js                           1.05 kB │ gzip:   0.57 kB
dist/assets/AIActionFailure-dlpZJxIq.js                       1.05 kB │ gzip:   0.56 kB
dist/assets/asr-DVwi0x2x.js                                   1.15 kB │ gzip:   0.68 kB
dist/assets/useEventStream-IlpwfaLN.js                        1.16 kB │ gzip:   0.63 kB
dist/assets/flagCopy-CbXOyU8H.js                              1.31 kB │ gzip:   0.64 kB
dist/assets/VoiceChaseButton-r5Zn6FhZ.js                      1.31 kB │ gzip:   0.77 kB
dist/assets/FakeNotebook-DFtExsBt.js                          1.32 kB │ gzip:   0.72 kB
dist/assets/useVoiceRecorder-DFAfO193.js                      1.39 kB │ gzip:   0.71 kB
dist/assets/FakeChat-Ce6BGmjD.js                              1.44 kB │ gzip:   0.83 kB
dist/assets/useThoughtPartnerThread-CWvSx1np.js               1.61 kB │ gzip:   0.84 kB
dist/assets/chaseHandoffs-CUKk7pqj.js                         1.61 kB │ gzip:   0.72 kB
dist/assets/InterviewNotes-DTWlD3mN.js                        1.65 kB │ gzip:   0.80 kB
dist/assets/researchSuggestion-CNnBvOMT.js                    1.67 kB │ gzip:   0.73 kB
dist/assets/research-Rlmm1oDI.js                              1.69 kB │ gzip:   0.69 kB
dist/assets/stripOverflow-DxKgO18u.js                         1.69 kB │ gzip:   0.85 kB
dist/assets/WatchForLaterFolder-Cc0SiL-B.js                   1.84 kB │ gzip:   0.86 kB
dist/assets/ContextPicker-CTsnwzcm.js                         1.91 kB │ gzip:   0.88 kB
dist/assets/ReadingAppearance-CZvDix_e.js                     1.99 kB │ gzip:   0.87 kB
dist/assets/Trail-CKLXNwyH.js                                 2.06 kB │ gzip:   0.92 kB
dist/assets/SubActionList-BH2EhCtm.js                         2.11 kB │ gzip:   1.00 kB
dist/assets/useInvestigation-B6D3eJOh.js                      2.13 kB │ gzip:   0.96 kB
dist/assets/BlockPalette-a1GI78AV.js                          2.15 kB │ gzip:   1.03 kB
dist/assets/FlagForDiligence-DBIqlzEx.js                      2.19 kB │ gzip:   1.03 kB
dist/assets/sourceDrag-BVXY9qgq.js                            2.28 kB │ gzip:   0.74 kB
dist/assets/PanelWindowApp-BDf87qZ0.js                        2.42 kB │ gzip:   1.00 kB
dist/assets/ChatInputArea-BOIEHX4l.js                         2.54 kB │ gzip:   1.28 kB
dist/assets/companionStore-CRePQvdV.js                        2.66 kB │ gzip:   1.22 kB
dist/assets/index-B2b5DU3f.js                                 2.75 kB │ gzip:   1.17 kB
dist/assets/ReplayStepList-CNtWXg-O.js                        2.80 kB │ gzip:   1.24 kB
dist/assets/ChaseSlideOver-Ci1PscHU.js                        2.81 kB │ gzip:   1.27 kB
dist/assets/index-Cur9BPlr.js                                 2.85 kB │ gzip:   1.32 kB
dist/assets/index-CjBnKKDd.js                                 3.06 kB │ gzip:   1.45 kB
dist/assets/CrossDocSidebar-OulmYBEL.js                       3.07 kB │ gzip:   1.09 kB
dist/assets/InterviewTranscript-BF0hCner.js                   3.07 kB │ gzip:   1.21 kB
dist/assets/synthesisParser-DXHUMn94.js                       3.08 kB │ gzip:   1.28 kB
dist/assets/index-CkZskudo.js                                 3.09 kB │ gzip:   1.19 kB
dist/assets/settingsUsage-Cj8vfaik.js                         3.11 kB │ gzip:   1.04 kB
dist/assets/Home-6v2WnHCm.js                                  3.21 kB │ gzip:   1.25 kB
dist/assets/ResearchArtifactReceipt-CDcyUEzH.js               3.27 kB │ gzip:   1.46 kB
dist/assets/toolConnections-CYHvO5LW.js                       3.34 kB │ gzip:   1.17 kB
dist/assets/composerProjection-VUb39vfd.js                    3.49 kB │ gzip:   1.45 kB
dist/assets/ReadAloud-BAJe60ZO.js                             3.50 kB │ gzip:   1.60 kB
dist/assets/InvestigationSidebar-DpoV_mPV.js                  3.62 kB │ gzip:   1.53 kB
dist/assets/DeliverableSidebar-DmbLRqEL.js                    3.63 kB │ gzip:   1.43 kB
dist/assets/ChaseThread-DaAMfFIw.js                           3.95 kB │ gzip:   1.73 kB
dist/assets/index-BBNOn6TR.js                                 3.95 kB │ gzip:   1.56 kB
dist/assets/index-BdzGXkT4.js                                 4.10 kB │ gzip:   1.62 kB
dist/assets/StyleRail-BevnfzOG.js                             4.16 kB │ gzip:   1.81 kB
dist/assets/placeholderSpine-F278s9ka.js                      4.25 kB │ gzip:   1.56 kB
dist/assets/index-CzZ9PpvD.js                                 4.39 kB │ gzip:   1.81 kB
dist/assets/DocumentStylePreview-Kk-aSF3Z.js                  4.42 kB │ gzip:   1.84 kB
dist/assets/index-BePgfU-z.js                                 4.48 kB │ gzip:   1.61 kB
dist/assets/index-DR2x93YQ.js                                 4.50 kB │ gzip:   1.73 kB
dist/assets/index-DdJah9Wh.js                                 4.75 kB │ gzip:   2.11 kB
dist/assets/createLucideIcon-DMdwCm1s.js                      4.86 kB │ gzip:   1.66 kB
dist/assets/index-xH3BMhwW.js                                 4.92 kB │ gzip:   1.65 kB
dist/assets/index-Ah472EFQ.js                                 4.98 kB │ gzip:   1.88 kB
dist/assets/index-fOEZEZEq.js                                 5.02 kB │ gzip:   2.15 kB
dist/assets/index-BRlrruGs.js                                 5.11 kB │ gzip:   2.00 kB
dist/assets/index-CMYWRz6v.js                                 5.28 kB │ gzip:   2.30 kB
dist/assets/ClaimCard-DJ3kCqZf.js                             5.28 kB │ gzip:   1.86 kB
dist/assets/index-BTM8YavL.js                                 5.39 kB │ gzip:   2.00 kB
dist/assets/index-Du4thtm3.js                                 5.41 kB │ gzip:   2.13 kB
dist/assets/index-FrKAi3yR.js                                 5.42 kB │ gzip:   1.91 kB
dist/assets/index-BUGb-A8J.js                                 5.57 kB │ gzip:   2.05 kB
dist/assets/NotesPanel-PSZmOs2M.js                            5.58 kB │ gzip:   1.89 kB
dist/assets/index-Ce9syeRn.js                                 5.71 kB │ gzip:   2.13 kB
dist/assets/ProjectTree-CZ9-XGR0.js                           5.87 kB │ gzip:   2.23 kB
dist/assets/PublicLane-DiTRC8Lw.js                            5.89 kB │ gzip:   1.98 kB
dist/assets/speakVocab-D3qhotwM.js                            6.28 kB │ gzip:   2.40 kB
dist/assets/index-B-ACCJ2H.js                                 6.28 kB │ gzip:   2.13 kB
dist/assets/ResearchWaitArcade-Bg3p8p0X.js                    6.71 kB │ gzip:   2.74 kB
dist/assets/ModelUsagePicker.impl-DP2pB3om.js                 6.92 kB │ gzip:   2.60 kB
dist/assets/LibraryView-B2gijvBH.js                           7.04 kB │ gzip:   2.97 kB
dist/assets/index-BmeG6D-0.js                                 7.17 kB │ gzip:   2.73 kB
dist/assets/index-BQF2dHE1.js                                 7.57 kB │ gzip:   2.37 kB
dist/assets/SketchCanvas-BxYodJ-x.js                          7.69 kB │ gzip:   3.28 kB
dist/assets/index-BDWiS4dj.js                                 7.99 kB │ gzip:   2.63 kB
dist/assets/index-BXe4UHNG.js                                 8.03 kB │ gzip:   2.78 kB
dist/assets/KeySheet-D5QYFLdT.js                              8.04 kB │ gzip:   2.96 kB
dist/assets/index-BHm6x_hr.js                                 8.12 kB │ gzip:   2.59 kB
dist/assets/index-L6XsS1sr.js                                 8.23 kB │ gzip:   2.81 kB
dist/assets/index-c1ijPstM.js                                 8.79 kB │ gzip:   3.32 kB
dist/assets/CostConsent-BZ_XBMdQ.js                           8.91 kB │ gzip:   2.64 kB
dist/assets/index-BCFYO9j3.js                                 9.24 kB │ gzip:   2.96 kB
dist/assets/index-CpNBCFPG.js                                 9.51 kB │ gzip:   3.36 kB
dist/assets/NotesPanel-4lpvHTdX.js                            9.51 kB │ gzip:   3.12 kB
dist/assets/speakApi-C0VhNsbV.js                              9.59 kB │ gzip:   2.46 kB
dist/assets/ThoughtPartnerPanel-Dx_B2da-.js                   9.73 kB │ gzip:   3.48 kB
dist/assets/index-C33fDcvI.js                                 9.89 kB │ gzip:   3.00 kB
dist/assets/index-DzZP7t7Y.js                                10.27 kB │ gzip:   2.77 kB
dist/assets/ConnectedToolSearch-Cdb-dlKn.js                  10.87 kB │ gzip:   3.63 kB
dist/assets/AISidecar-BP8Xff_y.js                            11.47 kB │ gzip:   3.99 kB
dist/assets/WriteOutlinePane-B9UHeuWv.js                     11.67 kB │ gzip:   4.31 kB
dist/assets/AutoNotebook-BsZaJ2EH.js                         11.81 kB │ gzip:   3.49 kB
dist/assets/Canvas-d18kLR5k.js                               12.19 kB │ gzip:   4.50 kB
dist/assets/useFloatMenuSelection-BRtYSNnQ.js                13.39 kB │ gzip:   4.70 kB
dist/assets/index-BTdB6lu5.js                                13.81 kB │ gzip:   4.16 kB
dist/assets/ResearchWaitArcadeGame-DKnBr3ZV.js               14.83 kB │ gzip:   5.47 kB
dist/assets/CompanionPane-SewoRkA1.js                        15.34 kB │ gzip:   5.35 kB
dist/assets/MyResearch-eveCO5gb.js                           15.55 kB │ gzip:   4.94 kB
dist/assets/index-Q2j0x-IZ.js                                16.87 kB │ gzip:   4.10 kB
dist/assets/index-D1Jkeb1K.js                                17.50 kB │ gzip:   5.62 kB
dist/assets/index-CONJK-2H.js                                18.83 kB │ gzip:   6.75 kB
dist/assets/ThinkingStream-BR2QQJyl.js                       18.92 kB │ gzip:   6.33 kB
dist/assets/index-BsGRfZ_J.js                                22.59 kB │ gzip:   6.30 kB
dist/assets/index-DpPrjShE.js                                23.30 kB │ gzip:   7.61 kB
dist/assets/EditorPanel-p1u2xKEw.js                          23.52 kB │ gzip:   6.45 kB
dist/assets/DocumentTabStrip-D5lLYSMX.js                     24.41 kB │ gzip:   8.19 kB
dist/assets/tabTreeStore-D24ngJEp.js                         32.84 kB │ gzip:  10.64 kB
dist/assets/index-DCuwd1BK.js                                47.04 kB │ gzip:  10.42 kB
dist/assets/WriteHome-CytA6FSW.js                            59.39 kB │ gzip:  17.74 kB
dist/assets/index-BhQawibv.js                                71.16 kB │ gzip:  20.37 kB
dist/assets/index-4CLjQOCL.js                                95.54 kB │ gzip:  28.93 kB
dist/assets/index-MiOnQLcT.js                               107.65 kB │ gzip:  28.95 kB
dist/assets/index-DOubUybr.js                               130.04 kB │ gzip:  29.44 kB
dist/assets/lemon-8gd16khf.js                               163.87 kB │ gzip:  53.06 kB
dist/assets/attrHelpers-CQWuTw4P.js                         409.46 kB │ gzip: 129.74 kB
dist/assets/index-DE7NiGsk.js                             1,159.35 kB │ gzip: 360.28 kB
dist/assets/LinkMonster-cEo4A4XM.js                       1,177.96 kB │ gzip: 347.61 kB

(!) Some chunks are larger than 500 kB after minification. Consider:
- Using dynamic import() to code-split the application
- Use build.rollupOptions.output.manualChunks to improve chunking: https://rollupjs.org/configuration-options/#output-manualchunks
- Adjust chunk size limit for this warning via build.chunkSizeWarningLimit.
✓ built in 7.45s
== bundle budget check ==
[✓] index        index-DE7NiGsk.js                        gz= 351.84 KB  budget= 683.59 KB  headroom= 331.76 KB
[✓] lemon        lemon-8gd16khf.js                        gz=  51.82 KB  budget=  58.59 KB  headroom=   6.78 KB

All chunks within budget.
