Scanning 4 selected files

  
Agent guidance
  - Treat React Doctor diagnostics as starting hypotheses. Read the relevant code before confirming or suppressing each finding.
  - For each group, decide true positive, false positive, or needs-human-review, then assign high/medium/low confidence.
  - Do not suppress a finding without evidence from the file in question. Confidence requires code context.
  - Understand the root cause before editing. Fix the underlying code instead of changing react-doctor config or suppressing rules unless explicitly asked.
  - Investigate deeply where relevant: race conditions, security-sensitive flows, state propagation, multi-file refactors, and downstream dependency chains.
  - Ignore pure style preferences, theoretical issues without real impact, missing features, and unrelated pre-existing code.
  - Start with high-confidence fixes that preserve behavior. Leave low-confidence or product-dependent changes as notes.
  - Run `npx react-doctor@latest --verbose --scope changed` before and after changes, plus relevant tests after each focused batch.
  - When available, spawn subagents or isolated worktrees for independent rule families, then review and merge only the best safe fixes.
  - Split unrelated, broad, or behavior-changing work into separate PRs/branches instead of one large cleanup.
  - When one rule spans dozens of files (a migration-scale change), fix a representative sample first, confirm the recipe holds, and get the code owner's sign-off before changing the rest. Don't mass-fix a broad pattern in one unreviewed pass.
  - For confirmed issues that cannot be fixed now, create GitHub issues with the rule, file/line, confidence, impact, and proposed fix.
  - If a fix needs an API, UX, or architecture decision, stop and ask before editing.

✔ Scanned 4 files in 1.5s

React Doctor — antiek-reading
Score: 84 / 100 Needs work

9 issues
Bugs: 1 error, 5 warnings
Maintainability: 3 warnings

⚠ Array index used as a key ×4
  react-doctor/no-array-index-as-key
  src/components/reader/ReadingColumn.tsx:154
  src/modes/ResearchWorkstation/MasterMdViewer.tsx:960
  src/modes/ResearchWorkstation/MasterMdViewer.tsx:979
  src/modes/ResearchWorkstation/MasterMdViewer.tsx:1100
⚠ React function has high control-flow complexity
  react-doctor/no-high-complexity-react-function
  src/modes/Reading/index.tsx:106
⚠ Large component is hard to read and change
  react-doctor/no-giant-component
  src/modes/Reading/index.tsx:106
⚠ Loading flag reset outside finally
  react-doctor/no-loading-flag-reset-outside-finally
  src/modes/Reading/index.tsx:140
✖ Ref mutated during render
  react-doctor/no-ref-current-in-render
  src/modes/Reading/index.tsx:833
⚠ Non-component export in component file
  react-doctor/only-export-components
  src/modes/ResearchWorkstation/MasterMdViewer.tsx:116
  Full diagnostics written to /var/folders/c5/ybjvwk9n5dng1x4zb04gcgvw0000gn/T/react-doctor-c6df87f7-8400-416a-89ae-f4b3b2e93220

  ────────────────────────────────────────────────────────────

  Share: https://react.doctor/share?p=antiek-reading&s=84&e=1&w=8&f=3
  Tell others how you did on socials

  Docs: https://react.doctor/docs
  Learn more about fixing issues, setting up CI/CD, and
  configuring rules with a config file

  GitHub: https://github.com/millionco/react-doctor
  Report issues and star the repository!

